\BOOKMARK [1][-]{section.1}{\376\377\000A\000b\000s\000t\000r\000a\000c\000t}{}% 1
\BOOKMARK [1][-]{section.2}{\376\377\000I\000n\000t\000r\000o\000d\000u\000c\000t\000i\000o\000n}{}% 2
\BOOKMARK [1][-]{section.3}{\376\377\000P\000r\000o\000b\000l\000e\000m\000\040\000O\000v\000e\000r\000v\000i\000e\000w}{}% 3
\BOOKMARK [2][-]{subsection.3.1}{\376\377\000C\000h\000a\000l\000l\000e\000n\000g\000e\000s\000\040\000F\000a\000c\000e\000d\000\040\000b\000y\000\040\000F\000a\000r\000m\000e\000r\000s}{section.3}% 4
\BOOKMARK [2][-]{subsection.3.2}{\376\377\000C\000h\000a\000l\000l\000e\000n\000g\000e\000s\000\040\000F\000a\000c\000e\000d\000\040\000b\000y\000\040\000B\000u\000y\000e\000r\000s}{section.3}% 5
\BOOKMARK [2][-]{subsection.3.3}{\376\377\000L\000i\000m\000i\000t\000a\000t\000i\000o\000n\000s\000\040\000o\000f\000\040\000E\000x\000i\000s\000t\000i\000n\000g\000\040\000S\000o\000l\000u\000t\000i\000o\000n\000s}{section.3}% 6
\BOOKMARK [2][-]{subsection.3.4}{\376\377\000M\000o\000t\000i\000v\000a\000t\000i\000o\000n\000\040\000f\000o\000r\000\040\000A\000g\000r\000i\000C\000o\000n\000n\000e\000c\000t}{section.3}% 7
\BOOKMARK [1][-]{section.4}{\376\377\000S\000y\000s\000t\000e\000m\000\040\000R\000e\000q\000u\000i\000r\000e\000m\000e\000n\000t\000s}{}% 8
\BOOKMARK [1][-]{section.5}{\376\377\000T\000e\000c\000h\000n\000o\000l\000o\000g\000y\000\040\000S\000t\000a\000c\000k}{}% 9
\BOOKMARK [2][-]{subsection.5.1}{\376\377\000F\000r\000o\000n\000t\000e\000n\000d}{section.5}% 10
\BOOKMARK [2][-]{subsection.5.2}{\376\377\000B\000a\000c\000k\000e\000n\000d}{section.5}% 11
\BOOKMARK [2][-]{subsection.5.3}{\376\377\000D\000a\000t\000a\000b\000a\000s\000e\000\040\000\046\000\040\000C\000a\000c\000h\000i\000n\000g}{section.5}% 12
\BOOKMARK [2][-]{subsection.5.4}{\376\377\000C\000o\000n\000t\000a\000i\000n\000e\000r\000i\000z\000a\000t\000i\000o\000n\000\040\000\046\000\040\000O\000r\000c\000h\000e\000s\000t\000r\000a\000t\000i\000o\000n}{section.5}% 13
\BOOKMARK [2][-]{subsection.5.5}{\376\377\000D\000e\000v\000O\000p\000s\000\040\000\046\000\040\000C\000I\000/\000C\000D}{section.5}% 14
\BOOKMARK [2][-]{subsection.5.6}{\376\377\000W\000h\000y\000\040\000T\000h\000i\000s\000\040\000S\000t\000a\000c\000k\000?}{section.5}% 15
\BOOKMARK [2][-]{subsection.5.7}{\376\377\000D\000i\000r\000e\000c\000t\000o\000r\000y\000\040\000S\000t\000r\000u\000c\000t\000u\000r\000e\000\040\000O\000v\000e\000r\000v\000i\000e\000w}{section.5}% 16
\BOOKMARK [2][-]{subsection.5.8}{\376\377\000F\000u\000n\000c\000t\000i\000o\000n\000a\000l\000\040\000R\000e\000q\000u\000i\000r\000e\000m\000e\000n\000t\000s}{section.5}% 17
\BOOKMARK [3][-]{subsubsection.5.8.1}{\376\377\000U\000s\000e\000r\000\040\000R\000e\000g\000i\000s\000t\000r\000a\000t\000i\000o\000n\000\040\000a\000n\000d\000\040\000A\000u\000t\000h\000e\000n\000t\000i\000c\000a\000t\000i\000o\000n}{subsection.5.8}% 18
\BOOKMARK [3][-]{subsubsection.5.8.2}{\376\377\000U\000s\000e\000r\000\040\000P\000r\000o\000f\000i\000l\000e\000\040\000M\000a\000n\000a\000g\000e\000m\000e\000n\000t}{subsection.5.8}% 19
\BOOKMARK [3][-]{subsubsection.5.8.3}{\376\377\000F\000a\000r\000m\000\040\000R\000e\000c\000o\000r\000d\000\040\000M\000a\000n\000a\000g\000e\000m\000e\000n\000t}{subsection.5.8}% 20
\BOOKMARK [3][-]{subsubsection.5.8.4}{\376\377\000P\000r\000o\000d\000u\000c\000t\000\040\000L\000i\000s\000t\000i\000n\000g\000\040\000a\000n\000d\000\040\000M\000a\000n\000a\000g\000e\000m\000e\000n\000t}{subsection.5.8}% 21
\BOOKMARK [3][-]{subsubsection.5.8.5}{\376\377\000M\000a\000r\000k\000e\000t\000\040\000A\000c\000c\000e\000s\000s\000\040\000a\000n\000d\000\040\000B\000u\000y\000e\000r\000\040\000I\000n\000t\000e\000r\000a\000c\000t\000i\000o\000n}{subsection.5.8}% 22
\BOOKMARK [2][-]{subsection.5.9}{\376\377\000N\000o\000n\000-\000F\000u\000n\000c\000t\000i\000o\000n\000a\000l\000\040\000R\000e\000q\000u\000i\000r\000e\000m\000e\000n\000t\000s}{section.5}% 23
\BOOKMARK [3][-]{subsubsection.5.9.1}{\376\377\000U\000s\000a\000b\000i\000l\000i\000t\000y}{subsection.5.9}% 24
\BOOKMARK [3][-]{subsubsection.5.9.2}{\376\377\000P\000e\000r\000f\000o\000r\000m\000a\000n\000c\000e}{subsection.5.9}% 25
\BOOKMARK [3][-]{subsubsection.5.9.3}{\376\377\000S\000e\000c\000u\000r\000i\000t\000y}{subsection.5.9}% 26
\BOOKMARK [3][-]{subsubsection.5.9.4}{\376\377\000S\000c\000a\000l\000a\000b\000i\000l\000i\000t\000y}{subsection.5.9}% 27
\BOOKMARK [3][-]{subsubsection.5.9.5}{\376\377\000R\000e\000l\000i\000a\000b\000i\000l\000i\000t\000y\000\040\000a\000n\000d\000\040\000A\000v\000a\000i\000l\000a\000b\000i\000l\000i\000t\000y}{subsection.5.9}% 28
\BOOKMARK [2][-]{subsection.5.10}{\376\377\000U\000s\000e\000r\000-\000S\000p\000e\000c\000i\000f\000i\000c\000\040\000R\000e\000q\000u\000i\000r\000e\000m\000e\000n\000t\000s}{section.5}% 29
\BOOKMARK [3][-]{subsubsection.5.10.1}{\376\377\000F\000a\000r\000m\000e\000r\000\040\000R\000e\000q\000u\000i\000r\000e\000m\000e\000n\000t\000s}{subsection.5.10}% 30
\BOOKMARK [3][-]{subsubsection.5.10.2}{\376\377\000B\000u\000y\000e\000r\000\040\000R\000e\000q\000u\000i\000r\000e\000m\000e\000n\000t\000s}{subsection.5.10}% 31
\BOOKMARK [2][-]{subsection.5.11}{\376\377\000S\000y\000s\000t\000e\000m\000\040\000C\000o\000n\000s\000t\000r\000a\000i\000n\000t\000s}{section.5}% 32
\BOOKMARK [1][-]{section.6}{\376\377\000S\000y\000s\000t\000e\000m\000\040\000A\000r\000c\000h\000i\000t\000e\000c\000t\000u\000r\000e}{}% 33
\BOOKMARK [2][-]{subsection.6.1}{\376\377\000A\000r\000c\000h\000i\000t\000e\000c\000t\000u\000r\000e\000\040\000O\000v\000e\000r\000v\000i\000e\000w}{section.6}% 34
\BOOKMARK [1][-]{section.7}{\376\377\000S\000y\000s\000t\000e\000m\000\040\000A\000r\000c\000h\000i\000t\000e\000c\000t\000u\000r\000e}{}% 35
\BOOKMARK [2][-]{subsection.7.1}{\376\377\000A\000r\000c\000h\000i\000t\000e\000c\000t\000u\000r\000e\000\040\000O\000v\000e\000r\000v\000i\000e\000w}{section.7}% 36
\BOOKMARK [2][-]{subsection.7.2}{\376\377\000C\000l\000i\000e\000n\000t\000\040\000L\000a\000y\000e\000r}{section.7}% 37
\BOOKMARK [2][-]{subsection.7.3}{\376\377\000S\000e\000r\000v\000e\000r\000\040\000L\000a\000y\000e\000r}{section.7}% 38
\BOOKMARK [2][-]{subsection.7.4}{\376\377\000D\000a\000t\000a\000b\000a\000s\000e\000\040\000L\000a\000y\000e\000r}{section.7}% 39
\BOOKMARK [2][-]{subsection.7.5}{\376\377\000J\000u\000s\000t\000i\000f\000i\000c\000a\000t\000i\000o\000n\000\040\000f\000o\000r\000\040\000L\000o\000a\000d\000\040\000B\000a\000l\000a\000n\000c\000e\000r\000\040\000I\000n\000c\000l\000u\000s\000i\000o\000n}{section.7}% 40
\BOOKMARK [2][-]{subsection.7.6}{\376\377\000C\000o\000m\000p\000a\000r\000i\000s\000o\000n\000\040\000w\000i\000t\000h\000\040\000A\000l\000t\000e\000r\000n\000a\000t\000i\000v\000e\000\040\000A\000r\000c\000h\000i\000t\000e\000c\000t\000u\000r\000e\000s}{section.7}% 41
\BOOKMARK [2][-]{subsection.7.7}{\376\377\000F\000u\000t\000u\000r\000e\000\040\000C\000o\000n\000s\000i\000d\000e\000r\000a\000t\000i\000o\000n\000s}{section.7}% 42
\BOOKMARK [1][-]{section.8}{\376\377\000S\000y\000s\000t\000e\000m\000\040\000D\000e\000s\000i\000g\000n}{}% 43
\BOOKMARK [2][-]{subsection.8.1}{\376\377\000U\000s\000e\000\040\000C\000a\000s\000e\000\040\000M\000o\000d\000e\000l\000i\000n\000g}{section.8}% 44
\BOOKMARK [3][-]{subsubsection.8.1.1}{\376\377\000E\000x\000p\000l\000a\000n\000a\000t\000i\000o\000n\000\040\000o\000f\000\040\000U\000s\000e\000\040\000C\000a\000s\000e\000s}{subsection.8.1}% 45
\BOOKMARK [2][-]{subsection.8.2}{\376\377\000C\000l\000a\000s\000s\000\040\000D\000i\000a\000g\000r\000a\000m\000\040\000M\000o\000d\000e\000l\000i\000n\000g}{section.8}% 46
\BOOKMARK [3][-]{subsubsection.8.2.1}{\376\377\000E\000x\000p\000l\000a\000n\000a\000t\000i\000o\000n\000\040\000o\000f\000\040\000C\000l\000a\000s\000s\000e\000s}{subsection.8.2}% 47
\BOOKMARK [2][-]{subsection.8.3}{\376\377\000D\000a\000t\000a\000b\000a\000s\000e\000\040\000D\000e\000s\000i\000g\000n}{section.8}% 48
\BOOKMARK [3][-]{subsubsection.8.3.1}{\376\377\000D\000a\000t\000a\000b\000a\000s\000e\000\040\000E\000x\000p\000l\000a\000n\000a\000t\000i\000o\000n}{subsection.8.3}% 49
\BOOKMARK [2][-]{subsection.8.4}{\376\377\000U\000s\000e\000r\000\040\000I\000n\000t\000e\000r\000f\000a\000c\000e\000\040\000D\000e\000s\000i\000g\000n}{section.8}% 50
\BOOKMARK [2][-]{subsection.8.5}{\376\377\000D\000e\000s\000i\000g\000n\000\040\000J\000u\000s\000t\000i\000f\000i\000c\000a\000t\000i\000o\000n}{section.8}% 51
\BOOKMARK [1][-]{section.9}{\376\377\000I\000m\000p\000l\000e\000m\000e\000n\000t\000a\000t\000i\000o\000n}{}% 52
\BOOKMARK [2][-]{subsection.9.1}{\376\377\000T\000e\000c\000h\000n\000o\000l\000o\000g\000y\000\040\000S\000t\000a\000c\000k}{section.9}% 53
\BOOKMARK [2][-]{subsection.9.2}{\376\377\000M\000o\000d\000u\000l\000e\000-\000t\000o\000-\000C\000o\000d\000e\000\040\000M\000a\000p\000p\000i\000n\000g}{section.9}% 54
\BOOKMARK [2][-]{subsection.9.3}{\376\377\000E\000x\000a\000m\000p\000l\000e\000\040\000I\000m\000p\000l\000e\000m\000e\000n\000t\000a\000t\000i\000o\000n\000\040\000S\000n\000i\000p\000p\000e\000t\000s}{section.9}% 55
\BOOKMARK [3][-]{subsubsection.9.3.1}{\376\377\000U\000s\000e\000r\000\040\000A\000u\000t\000h\000e\000n\000t\000i\000c\000a\000t\000i\000o\000n\000\040\000\050\000B\000a\000c\000k\000e\000n\000d\000\051}{subsection.9.3}% 56
\BOOKMARK [3][-]{subsubsection.9.3.2}{\376\377\000P\000r\000o\000d\000u\000c\000t\000\040\000L\000i\000s\000t\000i\000n\000g\000\040\000\050\000F\000r\000o\000n\000t\000e\000n\000d\000\051}{subsection.9.3}% 57
\BOOKMARK [2][-]{subsection.9.4}{\376\377\000I\000n\000t\000e\000g\000r\000a\000t\000i\000o\000n\000\040\000S\000t\000r\000a\000t\000e\000g\000y}{section.9}% 58
\BOOKMARK [2][-]{subsection.9.5}{\376\377\000B\000e\000s\000t\000\040\000P\000r\000a\000c\000t\000i\000c\000e\000s\000\040\000A\000p\000p\000l\000i\000e\000d}{section.9}% 59
\BOOKMARK [1][-]{section.10}{\376\377\000T\000e\000s\000t\000i\000n\000g}{}% 60
\BOOKMARK [2][-]{subsection.10.1}{\376\377\000T\000e\000s\000t\000i\000n\000g\000\040\000S\000t\000r\000a\000t\000e\000g\000y}{section.10}% 61
\BOOKMARK [2][-]{subsection.10.2}{\376\377\000T\000e\000s\000t\000\040\000C\000a\000s\000e\000s}{section.10}% 62
\BOOKMARK [2][-]{subsection.10.3}{\376\377\000T\000e\000s\000t\000i\000n\000g\000\040\000T\000o\000o\000l\000s}{section.10}% 63
\BOOKMARK [2][-]{subsection.10.4}{\376\377\000T\000e\000s\000t\000i\000n\000g\000\040\000R\000e\000s\000u\000l\000t\000s\000\040\000a\000n\000d\000\040\000A\000n\000a\000l\000y\000s\000i\000s}{section.10}% 64
\BOOKMARK [2][-]{subsection.10.5}{\376\377\000C\000o\000n\000c\000l\000u\000s\000i\000o\000n\000\040\000o\000n\000\040\000T\000e\000s\000t\000i\000n\000g}{section.10}% 65
\BOOKMARK [1][-]{section.11}{\376\377\000D\000e\000p\000l\000o\000y\000m\000e\000n\000t}{}% 66
\BOOKMARK [2][-]{subsection.11.1}{\376\377\000D\000e\000p\000l\000o\000y\000m\000e\000n\000t\000\040\000A\000r\000c\000h\000i\000t\000e\000c\000t\000u\000r\000e}{section.11}% 67
\BOOKMARK [2][-]{subsection.11.2}{\376\377\000F\000r\000o\000n\000t\000e\000n\000d\000\040\000D\000e\000p\000l\000o\000y\000m\000e\000n\000t\000\040\000o\000n\000\040\000V\000e\000r\000c\000e\000l}{section.11}% 68
\BOOKMARK [2][-]{subsection.11.3}{\376\377\000B\000a\000c\000k\000e\000n\000d\000\040\000D\000e\000p\000l\000o\000y\000m\000e\000n\000t\000\040\000o\000n\000\040\000A\000W\000S\000\040\000w\000i\000t\000h\000\040\000E\000L\000B}{section.11}% 69
\BOOKMARK [2][-]{subsection.11.4}{\376\377\000C\000o\000n\000t\000i\000n\000u\000o\000u\000s\000\040\000I\000n\000t\000e\000g\000r\000a\000t\000i\000o\000n\000\040\000a\000n\000d\000\040\000D\000e\000p\000l\000o\000y\000m\000e\000n\000t}{section.11}% 70
\BOOKMARK [2][-]{subsection.11.5}{\376\377\000S\000e\000c\000u\000r\000i\000t\000y\000\040\000C\000o\000n\000s\000i\000d\000e\000r\000a\000t\000i\000o\000n\000s}{section.11}% 71
\BOOKMARK [2][-]{subsection.11.6}{\376\377\000S\000c\000a\000l\000a\000b\000i\000l\000i\000t\000y\000\040\000a\000n\000d\000\040\000R\000e\000l\000i\000a\000b\000i\000l\000i\000t\000y}{section.11}% 72
\BOOKMARK [1][-]{section.12}{\376\377\000C\000o\000n\000c\000l\000u\000s\000i\000o\000n}{}% 73
